---
http_interactions:
- request:
    method: get
    uri: https://teamweek.com/api/v3/230525/groups/175548/memberships
    body:
      encoding: US-ASCII
      string: ''
    headers:
      Authorization:
      - Bearer nXqn3Bt4Knud4NIc5yMaMNKEgOHIugO0CGIs69q84P1xobpiZ0msyGX8rssZFowcKNL7oVpxD5EUwgRG4zaBeuvTHCz_2GmasqCoEBpSnnHeTiAog87wq07UXVCo2RD8v3HOJve4RxoZLfnauOAlZtorWcXm2U6v6TmxHgFY2FA6tQg7oW0E-8A6eidvMpv6j1h2bBAlDayyimcSedFxu0G9n4eMrfOvmp4JgWtMyyKGrD8g57IPwReyiCvmkuuT-vTrjY4yApVqR2ud8etrAycmfoHNucxskTHKxisu0tEN8f8p7dy8g4NLBJnRp8WjeQ3xp80cCMscCU6vwebR7A==
  response:
    status:
      code: 200
      message: OK
    headers:
      Server:
      - nginx
      Date:
      - Sat, 14 Jan 2017 20:59:39 GMT
      Content-Type:
      - application/json; charset=utf-8
      Transfer-Encoding:
      - chunked
      Connection:
      - keep-alive
      Keep-Alive:
      - timeout=20
      X-Frame-Options:
      - SAMEORIGIN
      X-Xss-Protection:
      - 1; mode=block
      X-Content-Type-Options:
      - nosniff
      Etag:
      - W/"362ad76ad786195eddcd3dfe51726c34"
      Cache-Control:
      - max-age=0, private, must-revalidate
      X-Request-Id:
      - 4c258024-658b-4f47-a0d0-209acf973734
      X-Runtime:
      - '0.011582'
      Access-Control-Allow-Credentials:
      - 'false'
      Access-Control-Allow-Methods:
      - GET, POST, PUT, PATCH, DELETE, OPTIONS
      Access-Control-Allow-Headers:
      - Origin,Accept,DNT,Authorization,X-Client-Id,Keep-Alive,User-Agent,X-Requested-With,If-Modified-Since,Cache-Control,Content-Type
    body:
      encoding: UTF-8
      string: '[{"id":599782,"group_id":175548,"user_id":1054464,"weight":3,"position":3,"created_at":"2017-01-14T20:51:13.148+00:00","updated_at":"2017-01-14T20:51:13.148+00:00"},{"id":599781,"group_id":175548,"user_id":1054513,"weight":2,"position":2,"created_at":"2017-01-14T20:51:11.409+00:00","updated_at":"2017-01-14T20:51:11.409+00:00"},{"id":599780,"group_id":175548,"user_id":1054513,"weight":1,"position":1,"created_at":"2017-01-14T20:51:11.387+00:00","updated_at":"2017-01-14T20:51:11.387+00:00"},{"id":599779,"group_id":175548,"user_id":1055865,"weight":0,"position":0,"created_at":"2017-01-14T20:50:35.960+00:00","updated_at":"2017-01-14T20:50:35.960+00:00"}]'
    http_version: 
  recorded_at: Sat, 14 Jan 2017 20:59:39 GMT
- request:
    method: delete
    uri: https://teamweek.com/api/v3/230525/groups/175548/memberships/599782
    body:
      encoding: US-ASCII
      string: ''
    headers:
      Authorization:
      - Bearer nXqn3Bt4Knud4NIc5yMaMNKEgOHIugO0CGIs69q84P1xobpiZ0msyGX8rssZFowcKNL7oVpxD5EUwgRG4zaBeuvTHCz_2GmasqCoEBpSnnHeTiAog87wq07UXVCo2RD8v3HOJve4RxoZLfnauOAlZtorWcXm2U6v6TmxHgFY2FA6tQg7oW0E-8A6eidvMpv6j1h2bBAlDayyimcSedFxu0G9n4eMrfOvmp4JgWtMyyKGrD8g57IPwReyiCvmkuuT-vTrjY4yApVqR2ud8etrAycmfoHNucxskTHKxisu0tEN8f8p7dy8g4NLBJnRp8WjeQ3xp80cCMscCU6vwebR7A==
  response:
    status:
      code: 204
      message: No Content
    headers:
      Server:
      - nginx
      Date:
      - Sat, 14 Jan 2017 20:59:40 GMT
      Connection:
      - keep-alive
      Keep-Alive:
      - timeout=20
      X-Frame-Options:
      - SAMEORIGIN
      X-Xss-Protection:
      - 1; mode=block
      X-Content-Type-Options:
      - nosniff
      Cache-Control:
      - no-cache
      X-Request-Id:
      - c16b64eb-1a7c-4ca6-92c9-a876058fdae7
      X-Runtime:
      - '0.024152'
      Access-Control-Allow-Credentials:
      - 'false'
      Access-Control-Allow-Methods:
      - GET, POST, PUT, PATCH, DELETE, OPTIONS
      Access-Control-Allow-Headers:
      - Origin,Accept,DNT,Authorization,X-Client-Id,Keep-Alive,User-Agent,X-Requested-With,If-Modified-Since,Cache-Control,Content-Type
    body:
      encoding: UTF-8
      string: ''
    http_version: 
  recorded_at: Sat, 14 Jan 2017 20:59:40 GMT
- request:
    method: get
    uri: https://teamweek.com/api/v3/230525/groups/175548/memberships
    body:
      encoding: US-ASCII
      string: ''
    headers:
      Authorization:
      - Bearer nXqn3Bt4Knud4NIc5yMaMNKEgOHIugO0CGIs69q84P1xobpiZ0msyGX8rssZFowcKNL7oVpxD5EUwgRG4zaBeuvTHCz_2GmasqCoEBpSnnHeTiAog87wq07UXVCo2RD8v3HOJve4RxoZLfnauOAlZtorWcXm2U6v6TmxHgFY2FA6tQg7oW0E-8A6eidvMpv6j1h2bBAlDayyimcSedFxu0G9n4eMrfOvmp4JgWtMyyKGrD8g57IPwReyiCvmkuuT-vTrjY4yApVqR2ud8etrAycmfoHNucxskTHKxisu0tEN8f8p7dy8g4NLBJnRp8WjeQ3xp80cCMscCU6vwebR7A==
  response:
    status:
      code: 200
      message: OK
    headers:
      Server:
      - nginx
      Date:
      - Sat, 14 Jan 2017 20:59:41 GMT
      Content-Type:
      - application/json; charset=utf-8
      Transfer-Encoding:
      - chunked
      Connection:
      - keep-alive
      Keep-Alive:
      - timeout=20
      X-Frame-Options:
      - SAMEORIGIN
      X-Xss-Protection:
      - 1; mode=block
      X-Content-Type-Options:
      - nosniff
      Etag:
      - W/"5800144dadab71174cabffe2df97bd2c"
      Cache-Control:
      - max-age=0, private, must-revalidate
      X-Request-Id:
      - b3ef06e4-f27d-4650-b464-6786cba4e8aa
      X-Runtime:
      - '0.014565'
      Access-Control-Allow-Credentials:
      - 'false'
      Access-Control-Allow-Methods:
      - GET, POST, PUT, PATCH, DELETE, OPTIONS
      Access-Control-Allow-Headers:
      - Origin,Accept,DNT,Authorization,X-Client-Id,Keep-Alive,User-Agent,X-Requested-With,If-Modified-Since,Cache-Control,Content-Type
    body:
      encoding: UTF-8
      string: '[{"id":599781,"group_id":175548,"user_id":1054513,"weight":2,"position":2,"created_at":"2017-01-14T20:51:11.409+00:00","updated_at":"2017-01-14T20:51:11.409+00:00"},{"id":599780,"group_id":175548,"user_id":1054513,"weight":1,"position":1,"created_at":"2017-01-14T20:51:11.387+00:00","updated_at":"2017-01-14T20:51:11.387+00:00"},{"id":599779,"group_id":175548,"user_id":1055865,"weight":0,"position":0,"created_at":"2017-01-14T20:50:35.960+00:00","updated_at":"2017-01-14T20:50:35.960+00:00"}]'
    http_version: 
  recorded_at: Sat, 14 Jan 2017 20:59:41 GMT
recorded_with: VCR 3.0.3
